\BOOKMARK [1][-]{section.1}{\376\377\000I\000n\000t\000r\000o\000d\000u\000c\000t\000i\000o\000n}{}% 1
\BOOKMARK [1][-]{section.2}{\376\377\000B\000a\000c\000k\000g\000r\000o\000u\000n\000d}{}% 2
\BOOKMARK [2][-]{subsection.2.1}{\376\377\000M\000i\000x\000t\000u\000r\000e\000-\000o\000f\000-\000E\000x\000p\000e\000r\000t\000s}{section.2}% 3
\BOOKMARK [2][-]{subsection.2.2}{\376\377\000M\000i\000x\000e\000d\000-\000P\000r\000e\000c\000i\000s\000i\000o\000n\000\040\000Q\000u\000a\000n\000t\000i\000z\000a\000t\000i\000o\000n\000\040\000f\000o\000r\000\040\000M\000o\000E}{section.2}% 4
\BOOKMARK [2][-]{subsection.2.3}{\376\377\000T\000h\000e\000\040\000R\000o\000u\000t\000i\000n\000g\040\023\000S\000e\000n\000s\000i\000t\000i\000v\000i\000t\000y\000\040\000G\000a\000p}{section.2}% 5
\BOOKMARK [1][-]{section.3}{\376\377\000M\000e\000t\000h\000o\000d}{}% 6
\BOOKMARK [2][-]{subsection.3.1}{\376\377\000R\000o\000u\000t\000e\000-\000W\000e\000i\000g\000h\000t\000e\000d\000\040\000S\000e\000n\000s\000i\000t\000i\000v\000i\000t\000y}{section.3}% 7
\BOOKMARK [2][-]{subsection.3.2}{\376\377\000R\000o\000u\000t\000e\000\040\000H\000e\000t\000e\000r\000o\000g\000e\000n\000e\000i\000t\000y\000\040\000I\000n\000d\000e\000x}{section.3}% 8
\BOOKMARK [1][-]{section.4}{\376\377\000E\000x\000p\000e\000r\000i\000m\000e\000n\000t\000a\000l\000\040\000S\000e\000t\000u\000p}{}% 9
\BOOKMARK [1][-]{section.5}{\376\377\000R\000e\000s\000u\000l\000t\000s}{}% 10
\BOOKMARK [2][-]{subsection.5.1}{\376\377\000M\000a\000i\000n\000\040\000R\000e\000s\000u\000l\000t\000s}{section.5}% 11
\BOOKMARK [2][-]{subsection.5.2}{\376\377\000R\000H\000I\000\040\000a\000s\000\040\000a\000\040\000P\000r\000e\000l\000i\000m\000i\000n\000a\000r\000y\000\040\000D\000i\000a\000g\000n\000o\000s\000t\000i\000c}{section.5}% 12
\BOOKMARK [2][-]{subsection.5.3}{\376\377\000P\000P\000L\000\040\000I\000m\000p\000r\000o\000v\000e\000m\000e\000n\000t\000\040\000A\000c\000r\000o\000s\000s\000\040\000B\000u\000d\000g\000e\000t\000s}{section.5}% 13
\BOOKMARK [2][-]{subsection.5.4}{\376\377\000A\000l\000l\000o\000c\000a\000t\000i\000o\000n\000\040\000A\000n\000a\000l\000y\000s\000i\000s}{section.5}% 14
\BOOKMARK [2][-]{subsection.5.5}{\376\377\000W\000h\000y\000\040\000N\000o\000t\000\040\000R\000o\000u\000t\000e\000-\000O\000n\000l\000y\000\040\000A\000l\000l\000o\000c\000a\000t\000i\000o\000n\000?}{section.5}% 15
\BOOKMARK [2][-]{subsection.5.6}{\376\377\000R\000o\000b\000u\000s\000t\000n\000e\000s\000s\000\040\000a\000n\000d\000\040\000L\000i\000m\000i\000t\000a\000t\000i\000o\000n\000s}{section.5}% 16
\BOOKMARK [2][-]{subsection.5.7}{\376\377\000H\000e\000s\000s\000i\000a\000n\000-\000B\000a\000s\000e\000d\000\040\000S\000e\000n\000s\000i\000t\000i\000v\000i\000t\000y\000:\000\040\000A\000\040\000R\000e\000f\000e\000r\000e\000n\000c\000e\000-\000F\000r\000e\000e\000\040\000B\000a\000s\000e\000l\000i\000n\000e}{section.5}% 17
\BOOKMARK [2][-]{subsection.5.8}{\376\377\000C\000r\000o\000s\000s\000-\000L\000a\000y\000e\000r\000\040\000P\000r\000o\000p\000a\000g\000a\000t\000i\000o\000n\000:\000\040\000A\000\040\000C\000a\000u\000t\000i\000o\000n\000a\000r\000y\000\040\000A\000b\000l\000a\000t\000i\000o\000n}{section.5}% 18
\BOOKMARK [1][-]{section.6}{\376\377\000R\000e\000l\000a\000t\000e\000d\000\040\000W\000o\000r\000k}{}% 19
\BOOKMARK [1][-]{section.7}{\376\377\000C\000o\000n\000c\000l\000u\000s\000i\000o\000n}{}% 20
\BOOKMARK [1][-]{section.A}{\376\377\000P\000e\000r\000-\000T\000a\000s\000k\000\040\000D\000o\000w\000n\000s\000t\000r\000e\000a\000m\000\040\000B\000r\000e\000a\000k\000d\000o\000w\000n\000s}{}% 21
\BOOKMARK [1][-]{section.B}{\376\377\000A\000l\000l\000o\000c\000a\000t\000i\000o\000n\000\040\000A\000r\000t\000i\000f\000a\000c\000t\000s}{}% 22
\BOOKMARK [1][-]{section.C}{\376\377\000R\000o\000u\000t\000e\000Q\000E\000P\000\040\000N\000e\000g\000a\000t\000i\000v\000e\000-\000R\000e\000s\000u\000l\000t\000\040\000D\000e\000t\000a\000i\000l\000s}{}% 23
