This is pdfTeX, Version 3.141592653-2.6-1.40.29 (TeX Live 2026) (preloaded format=pdflatex 2026.5.1)  14 MAY 2026 12:24
entering extended mode
 restricted \write18 enabled.
 %&-line parsing enabled.
**main.tex
(./main.tex
LaTeX2e <2025-11-01>
L3 programming layer <2026-03-20>
(/data/zengyq/tinytex_manual/.TinyTeX/texmf-dist/tex/latex/base/article.cls
Document Class: article 2025/01/22 v1.4n Standard LaTeX document class
(/data/zengyq/tinytex_manual/.TinyTeX/texmf-dist/tex/latex/base/size11.clo
File: size11.clo 2025/01/22 v1.4n Standard LaTeX file (size option)
)
\c@part=\count275
\c@section=\count276
\c@subsection=\count277
\c@subsubsection=\count278
\c@paragraph=\count279
\c@subparagraph=\count280
\c@figure=\count281
\c@table=\count282
\abovecaptionskip=\skip49
\belowcaptionskip=\skip50
\bibindent=\dimen150
) (./acl.sty
Conference Style for ACL
(/data/zengyq/tinytex_manual/.TinyTeX/texmf-dist/tex/latex/xcolor/xcolor.sty
Package: xcolor 2024/09/29 v3.02 LaTeX color extensions (UK)
 (/data/zengyq/tinytex_manual/.TinyTeX/texmf-dist/tex/latex/graphics-cfg/color.cfg
File: color.cfg 2016/01/02 v1.6 sample color configuration
)
Package xcolor Info: Driver file: pdftex.def on input line 274.
 (/data/zengyq/tinytex_manual/.TinyTeX/texmf-dist/tex/latex/graphics-def/pdftex.def
File: pdftex.def 2025/09/29 v1.2d Graphics/color driver for pdftex
) (/data/zengyq/tinytex_manual/.TinyTeX/texmf-dist/tex/latex/graphics/mathcolor.ltx)
Package xcolor Info: Model `cmy' substituted by `cmy0' on input line 1349.
Package xcolor Info: Model `hsb' substituted by `rgb' on input line 1353.
Package xcolor Info: Model `RGB' extended on input line 1365.
Package xcolor Info: Model `HTML' substituted by `rgb' on input line 1367.
Package xcolor Info: Model `Hsb' substituted by `hsb' on input line 1368.
Package xcolor Info: Model `tHsb' substituted by `hsb' on input line 1369.
Package xcolor Info: Model `HSB' substituted by `hsb' on input line 1370.
Package xcolor Info: Model `Gray' substituted by `gray' on input line 1371.
Package xcolor Info: Model `wave' substituted by `hsb' on input line 1372.
) (/data/zengyq/tinytex_manual/.TinyTeX/texmf-dist/tex/latex/geometry/geometry.sty
Package: geometry 2026/03/07 v6.0 Page Geometry
 (/data/zengyq/tinytex_manual/.TinyTeX/texmf-dist/tex/latex/graphics/keyval.sty
Package: keyval 2022/05/29 v1.15 key=value parser (DPC)
\KV@toks@=\toks17
) (/data/zengyq/tinytex_manual/.TinyTeX/texmf-dist/tex/generic/iftex/ifvtex.sty
Package: ifvtex 2019/10/25 v1.7 ifvtex legacy package. Use iftex instead.
 (/data/zengyq/tinytex_manual/.TinyTeX/texmf-dist/tex/generic/iftex/iftex.sty
Package: iftex 2024/12/12 v1.0g TeX engine tests
))
\Gm@cnth=\count283
\Gm@cntv=\count284
\c@Gm@tempcnt=\count285
\Gm@bindingoffset=\dimen151
\Gm@wd@mp=\dimen152
\Gm@odd@mp=\dimen153
\Gm@even@mp=\dimen154
\Gm@layoutwidth=\dimen155
\Gm@layoutheight=\dimen156
\Gm@layouthoffset=\dimen157
\Gm@layoutvoffset=\dimen158
\Gm@dimlist=\toks18
)
\titlebox=\skip51
 (/data/zengyq/tinytex_manual/.TinyTeX/texmf-dist/tex/latex/caption/caption.sty
Package: caption 2023/08/05 v3.6o Customizing captions (AR)
 (/data/zengyq/tinytex_manual/.TinyTeX/texmf-dist/tex/latex/caption/caption3.sty
Package: caption3 2023/07/31 v2.4d caption3 kernel (AR)
\caption@tempdima=\dimen159
\captionmargin=\dimen160
\caption@leftmargin=\dimen161
\caption@rightmargin=\dimen162
\caption@width=\dimen163
\caption@indent=\dimen164
\caption@parindent=\dimen165
\caption@hangindent=\dimen166
Package caption Info: Standard document class detected.
)
\c@caption@flags=\count286
\c@continuedfloat=\count287
) (/data/zengyq/tinytex_manual/.TinyTeX/texmf-dist/tex/latex/natbib/natbib.sty
Package: natbib 2010/09/13 8.31b (PWD, AO)
\bibhang=\skip52
\bibsep=\skip53
LaTeX Info: Redefining \cite on input line 694.
\c@NAT@ctr=\count288
) (/data/zengyq/tinytex_manual/.TinyTeX/texmf-dist/tex/latex/hyperref/hyperref.sty
Package: hyperref 2026-04-24 v7.01q Hypertext links for LaTeX
 (/data/zengyq/tinytex_manual/.TinyTeX/texmf-dist/tex/latex/kvsetkeys/kvsetkeys.sty
Package: kvsetkeys 2022-10-05 v1.19 Key value parser (HO)
) (/data/zengyq/tinytex_manual/.TinyTeX/texmf-dist/tex/generic/kvdefinekeys/kvdefinekeys.sty
Package: kvdefinekeys 2019-12-19 v1.6 Define keys (HO)
) (/data/zengyq/tinytex_manual/.TinyTeX/texmf-dist/tex/generic/pdfescape/pdfescape.sty
Package: pdfescape 2019/12/09 v1.15 Implements pdfTeX's escape features (HO)
 (/data/zengyq/tinytex_manual/.TinyTeX/texmf-dist/tex/generic/ltxcmds/ltxcmds.sty
Package: ltxcmds 2023-12-04 v1.26 LaTeX kernel commands for general use (HO)
) (/data/zengyq/tinytex_manual/.TinyTeX/texmf-dist/tex/generic/pdftexcmds/pdftexcmds.sty
Package: pdftexcmds 2020-06-27 v0.33 Utility functions of pdfTeX for LuaTeX (HO)
 (/data/zengyq/tinytex_manual/.TinyTeX/texmf-dist/tex/generic/infwarerr/infwarerr.sty
Package: infwarerr 2019/12/03 v1.5 Providing info/warning/error messages (HO)
)
Package pdftexcmds Info: \pdf@primitive is available.
Package pdftexcmds Info: \pdf@ifprimitive is available.
Package pdftexcmds Info: \pdfdraftmode found.
)) (/data/zengyq/tinytex_manual/.TinyTeX/texmf-dist/tex/latex/hycolor/hycolor.sty
Package: hycolor 2020-01-27 v1.10 Color options for hyperref/bookmark (HO)
) (/data/zengyq/tinytex_manual/.TinyTeX/texmf-dist/tex/latex/hyperref/nameref.sty
Package: nameref 2026-01-29 v2.58 Cross-referencing by name of section
 (/data/zengyq/tinytex_manual/.TinyTeX/texmf-dist/tex/latex/refcount/refcount.sty
Package: refcount 2019/12/15 v3.6 Data extraction from label references (HO)
) (/data/zengyq/tinytex_manual/.TinyTeX/texmf-dist/tex/generic/gettitlestring/gettitlestring.sty
Package: gettitlestring 2019/12/15 v1.6 Cleanup title references (HO)
 (/data/zengyq/tinytex_manual/.TinyTeX/texmf-dist/tex/latex/kvoptions/kvoptions.sty
Package: kvoptions 2022-06-15 v3.15 Key value format for package options (HO)
))
\c@section@level=\count289
) (/data/zengyq/tinytex_manual/.TinyTeX/texmf-dist/tex/latex/etoolbox/etoolbox.sty
Package: etoolbox 2025/10/02 v2.5m e-TeX tools for LaTeX (JAW)
\etb@tempcnta=\count290
) (/data/zengyq/tinytex_manual/.TinyTeX/texmf-dist/tex/generic/stringenc/stringenc.sty
Package: stringenc 2019/11/29 v1.12 Convert strings between diff. encodings (HO)
)
\@linkdim=\dimen167
\Hy@linkcounter=\count291
\Hy@pagecounter=\count292
 (/data/zengyq/tinytex_manual/.TinyTeX/texmf-dist/tex/latex/hyperref/pd1enc.def
File: pd1enc.def 2026-04-24 v7.01q Hyperref: PDFDocEncoding definition (HO)
Now handling font encoding PD1 ...
... no UTF-8 mapping file for font encoding PD1
) (/data/zengyq/tinytex_manual/.TinyTeX/texmf-dist/tex/generic/intcalc/intcalc.sty
Package: intcalc 2019/12/15 v1.3 Expandable calculations with integers (HO)
)
\Hy@SavedSpaceFactor=\count293
 (/data/zengyq/tinytex_manual/.TinyTeX/texmf-dist/tex/latex/hyperref/puenc.def
File: puenc.def 2026-04-24 v7.01q Hyperref: PDF Unicode definition (HO)
Now handling font encoding PU ...
... no UTF-8 mapping file for font encoding PU
)
Package hyperref Info: Option `breaklinks' set `true' on input line 4070.
Package hyperref Info: Hyper figures OFF on input line 4199.
Package hyperref Info: Link nesting OFF on input line 4204.
Package hyperref Info: Hyper index ON on input line 4207.
Package hyperref Info: Plain pages OFF on input line 4214.
Package hyperref Info: Backreferencing OFF on input line 4219.
Package hyperref Info: Implicit mode ON; LaTeX internals redefined.
Package hyperref Info: Bookmarks ON on input line 4466.
\c@Hy@tempcnt=\count294
 (/data/zengyq/tinytex_manual/.TinyTeX/texmf-dist/tex/latex/url/url.sty
\Urlmuskip=\muskip17
Package: url 2013/09/16  ver 3.4  Verb mode for urls, etc.
)
LaTeX Info: Redefining \url on input line 4805.
\XeTeXLinkMargin=\dimen168
 (/data/zengyq/tinytex_manual/.TinyTeX/texmf-dist/tex/generic/bitset/bitset.sty
Package: bitset 2019/12/09 v1.3 Handle bit-vector datatype (HO)
 (/data/zengyq/tinytex_manual/.TinyTeX/texmf-dist/tex/generic/bigintcalc/bigintcalc.sty
Package: bigintcalc 2019/12/15 v1.5 Expandable calculations on big integers (HO)
))
\Fld@menulength=\count295
\Field@Width=\dimen169
\Fld@charsize=\dimen170
Package hyperref Info: Hyper figures OFF on input line 6091.
Package hyperref Info: Link nesting OFF on input line 6096.
Package hyperref Info: Hyper index ON on input line 6099.
Package hyperref Info: backreferencing OFF on input line 6106.
Package hyperref Info: Link coloring OFF on input line 6111.
Package hyperref Info: Link coloring with OCG OFF on input line 6116.
Package hyperref Info: PDF/A mode OFF on input line 6121.
\Hy@abspage=\count296
\c@Item=\count297
\c@Hfootnote=\count298
)
Package hyperref Info: Driver (autodetected): hpdftex.
 (/data/zengyq/tinytex_manual/.TinyTeX/texmf-dist/tex/latex/hyperref/hpdftex.def
File: hpdftex.def 2026-04-24 v7.01q Hyperref driver for pdfTeX
\Fld@listcount=\count299
\c@bookmark@seq@number=\count300
 (/data/zengyq/tinytex_manual/.TinyTeX/texmf-dist/tex/latex/rerunfilecheck/rerunfilecheck.sty
Package: rerunfilecheck 2025-06-21 v1.11 Rerun checks for auxiliary files (HO)
 (/data/zengyq/tinytex_manual/.TinyTeX/texmf-dist/tex/generic/uniquecounter/uniquecounter.sty
Package: uniquecounter 2019/12/15 v1.4 Provide unlimited unique counter (HO)
)
Package uniquecounter Info: New unique counter `rerunfilecheck' on input line 284.
)
\Hy@SectionHShift=\skip54
)
Package hyperref Info: Option `colorlinks' set `true' on input line 305.
) (/data/zengyq/tinytex_manual/.TinyTeX/texmf-dist/tex/latex/psnfss/times.sty
Package: times 2020/03/25 PSNFSS-v9.3 (SPQR) 
) (/data/zengyq/tinytex_manual/.TinyTeX/texmf-dist/tex/latex/base/latexsym.sty
Package: latexsym 1998/08/17 v2.2e Standard LaTeX package (lasy symbols)
\symlasy=\mathgroup4
LaTeX Font Info:    Overwriting symbol font `lasy' in version `bold'
(Font)                  U/lasy/m/n --> U/lasy/b/n on input line 52.
) (/data/zengyq/tinytex_manual/.TinyTeX/texmf-dist/tex/latex/base/fontenc.sty
Package: fontenc 2025/07/18 v2.1d Standard LaTeX package
LaTeX Font Info:    Trying to load font information for T1+ptm on input line 116.
 (/data/zengyq/tinytex_manual/.TinyTeX/texmf-dist/tex/latex/psnfss/t1ptm.fd
File: t1ptm.fd 2001/06/04 font definitions for T1/ptm.
)) (/data/zengyq/tinytex_manual/.TinyTeX/texmf-dist/tex/latex/base/inputenc.sty
Package: inputenc 2024/02/08 v1.3d Input encoding file
\inpenc@prehook=\toks19
\inpenc@posthook=\toks20
) (/data/zengyq/tinytex_manual/.TinyTeX/texmf-dist/tex/latex/microtype/microtype.sty
Package: microtype 2026/03/01 v3.2d Micro-typographical refinements (RS)
\MT@toks=\toks21
\MT@tempbox=\box53
\MT@count=\count301
LaTeX Info: Redefining \noprotrusionifhmode on input line 1084.
LaTeX Info: Redefining \leftprotrusion on input line 1085.
\MT@prot@toks=\toks22
LaTeX Info: Redefining \rightprotrusion on input line 1104.
LaTeX Info: Redefining \textls on input line 1449.
\MT@outer@kern=\dimen171
LaTeX Info: Redefining \microtypecontext on input line 2053.
LaTeX Info: Redefining \textmicrotypecontext on input line 2070.
\MT@listname@count=\count302
 (/data/zengyq/tinytex_manual/.TinyTeX/texmf-dist/tex/latex/microtype/microtype-pdftex.def
File: microtype-pdftex.def 2026/03/01 v3.2d Definitions specific to pdftex (RS)
LaTeX Info: Redefining \lsstyle on input line 944.
LaTeX Info: Redefining \lslig on input line 944.
\MT@outer@space=\skip55
)
Package microtype Info: Loading configuration file microtype.cfg.
 (/data/zengyq/tinytex_manual/.TinyTeX/texmf-dist/tex/latex/microtype/microtype.cfg
File: microtype.cfg 2026/03/01 v3.2d microtype main configuration file (RS)
)
LaTeX Info: Redefining \microtypesetup on input line 3065.
) (/data/zengyq/tinytex_manual/.TinyTeX/texmf-dist/tex/latex/inconsolata/inconsolata.sty
Package: inconsolata 2019/05/17 v1.12
 `inconsolata-zi4' v1.12, 2019/05/17 Text macros for Inconsolata (msharpe) (/data/zengyq/tinytex_manual/.TinyTeX/texmf-dist/tex/latex/base/textcomp.sty
Package: textcomp 2024/04/24 v2.1b Standard LaTeX package
) (/data/zengyq/tinytex_manual/.TinyTeX/texmf-dist/tex/latex/xkeyval/xkeyval.sty
Package: xkeyval 2025/11/04 v2.10 package option processing (HA)
 (/data/zengyq/tinytex_manual/.TinyTeX/texmf-dist/tex/generic/xkeyval/xkeyval.tex (/data/zengyq/tinytex_manual/.TinyTeX/texmf-dist/tex/generic/xkeyval/xkvutils.tex
\XKV@toks=\toks23
\XKV@tempa@toks=\toks24
\XKV@tempb@toks=\toks25
)
\XKV@depth=\count303
File: xkeyval.tex 2014/12/03 v2.7a key=value parser (HA)
))
\zifour@ocount=\count304
) (/data/zengyq/tinytex_manual/.TinyTeX/texmf-dist/tex/latex/amsmath/amsmath.sty
Package: amsmath 2025/07/09 v2.17z AMS math features
\@mathmargin=\skip56

For additional information on amsmath, use the `?' option.
(/data/zengyq/tinytex_manual/.TinyTeX/texmf-dist/tex/latex/amsmath/amstext.sty
Package: amstext 2024/11/17 v2.01 AMS text
 (/data/zengyq/tinytex_manual/.TinyTeX/texmf-dist/tex/latex/amsmath/amsgen.sty
File: amsgen.sty 1999/11/30 v2.0 generic functions
\@emptytoks=\toks26
\ex@=\dimen172
)) (/data/zengyq/tinytex_manual/.TinyTeX/texmf-dist/tex/latex/amsmath/amsbsy.sty
Package: amsbsy 1999/11/29 v1.2d Bold Symbols
\pmbraise@=\dimen173
) (/data/zengyq/tinytex_manual/.TinyTeX/texmf-dist/tex/latex/amsmath/amsopn.sty
Package: amsopn 2022/04/08 v2.04 operator names
)
\inf@bad=\count305
LaTeX Info: Redefining \frac on input line 233.
\uproot@=\count306
\leftroot@=\count307
LaTeX Info: Redefining \overline on input line 398.
LaTeX Info: Redefining \colon on input line 409.
\classnum@=\count308
\DOTSCASE@=\count309
LaTeX Info: Redefining \ldots on input line 495.
LaTeX Info: Redefining \dots on input line 498.
LaTeX Info: Redefining \cdots on input line 619.
\Mathstrutbox@=\box54
\strutbox@=\box55
LaTeX Info: Redefining \big on input line 721.
LaTeX Info: Redefining \Big on input line 722.
LaTeX Info: Redefining \bigg on input line 723.
LaTeX Info: Redefining \Bigg on input line 724.
\big@size=\dimen174
LaTeX Font Info:    Redeclaring font encoding OML on input line 742.
LaTeX Font Info:    Redeclaring font encoding OMS on input line 743.
\macc@depth=\count310
LaTeX Info: Redefining \bmod on input line 904.
LaTeX Info: Redefining \pmod on input line 909.
LaTeX Info: Redefining \smash on input line 939.
LaTeX Info: Redefining \relbar on input line 969.
LaTeX Info: Redefining \Relbar on input line 970.
\c@MaxMatrixCols=\count311
\dotsspace@=\muskip18
\c@parentequation=\count312
\dspbrk@lvl=\count313
\tag@help=\toks27
\row@=\count314
\column@=\count315
\maxfields@=\count316
\andhelp@=\toks28
\eqnshift@=\dimen175
\alignsep@=\dimen176
\tagshift@=\dimen177
\tagwidth@=\dimen178
\totwidth@=\dimen179
\lineht@=\dimen180
\@envbody=\toks29
\multlinegap=\skip57
\multlinetaggap=\skip58
\mathdisplay@stack=\toks30
LaTeX Info: Redefining \[ on input line 2950.
LaTeX Info: Redefining \] on input line 2951.
) (/data/zengyq/tinytex_manual/.TinyTeX/texmf-dist/tex/latex/amsfonts/amssymb.sty
Package: amssymb 2013/01/14 v3.01 AMS font symbols
 (/data/zengyq/tinytex_manual/.TinyTeX/texmf-dist/tex/latex/amsfonts/amsfonts.sty
Package: amsfonts 2013/01/14 v3.01 Basic AMSFonts support
\symAMSa=\mathgroup5
\symAMSb=\mathgroup6
LaTeX Font Info:    Redeclaring math symbol \hbar on input line 98.
LaTeX Font Info:    Overwriting math alphabet `\mathfrak' in version `bold'
(Font)                  U/euf/m/n --> U/euf/b/n on input line 106.
)) (/data/zengyq/tinytex_manual/.TinyTeX/texmf-dist/tex/latex/mathtools/mathtools.sty
Package: mathtools 2024/10/04 v1.31 mathematical typesetting tools
 (/data/zengyq/tinytex_manual/.TinyTeX/texmf-dist/tex/latex/tools/calc.sty
Package: calc 2025/03/01 v4.3b Infix arithmetic (KKT,FJ)
\calc@Acount=\count317
\calc@Bcount=\count318
\calc@Adimen=\dimen181
\calc@Bdimen=\dimen182
\calc@Askip=\skip59
\calc@Bskip=\skip60
LaTeX Info: Redefining \setlength on input line 86.
LaTeX Info: Redefining \addtolength on input line 87.
\calc@Ccount=\count319
\calc@Cskip=\skip61
) (/data/zengyq/tinytex_manual/.TinyTeX/texmf-dist/tex/latex/mathtools/mhsetup.sty
Package: mhsetup 2021/03/18 v1.4 programming setup (MH)
)
\g_MT_multlinerow_int=\count320
\l_MT_multwidth_dim=\dimen183
\origjot=\skip62
\l_MT_shortvdotswithinadjustabove_dim=\dimen184
\l_MT_shortvdotswithinadjustbelow_dim=\dimen185
\l_MT_above_intertext_sep=\dimen186
\l_MT_below_intertext_sep=\dimen187
\l_MT_above_shortintertext_sep=\dimen188
\l_MT_below_shortintertext_sep=\dimen189
\xmathstrut@box=\box56
\xmathstrut@dim=\dimen190
) (/data/zengyq/tinytex_manual/.TinyTeX/texmf-dist/tex/latex/graphics/graphicx.sty
Package: graphicx 2024/12/31 v1.2e Enhanced LaTeX Graphics (DPC,SPQR)
 (/data/zengyq/tinytex_manual/.TinyTeX/texmf-dist/tex/latex/graphics/graphics.sty
Package: graphics 2024/08/06 v1.4g Standard LaTeX Graphics (DPC,SPQR)
 (/data/zengyq/tinytex_manual/.TinyTeX/texmf-dist/tex/latex/graphics/trig.sty
Package: trig 2023/12/02 v1.11 sin cos tan (DPC)
) (/data/zengyq/tinytex_manual/.TinyTeX/texmf-dist/tex/latex/graphics-cfg/graphics.cfg
File: graphics.cfg 2016/06/04 v1.11 sample graphics configuration
)
Package graphics Info: Driver file: pdftex.def on input line 106.
)
\Gin@req@height=\dimen191
\Gin@req@width=\dimen192
) (/data/zengyq/tinytex_manual/.TinyTeX/texmf-dist/tex/latex/booktabs/booktabs.sty
Package: booktabs 2020/01/12 v1.61803398 Publication quality tables
\heavyrulewidth=\dimen193
\lightrulewidth=\dimen194
\cmidrulewidth=\dimen195
\belowrulesep=\dimen196
\belowbottomsep=\dimen197
\aboverulesep=\dimen198
\abovetopsep=\dimen199
\cmidrulesep=\dimen256
\cmidrulekern=\dimen257
\defaultaddspace=\dimen258
\@cmidla=\count321
\@cmidlb=\count322
\@aboverulesep=\dimen259
\@belowrulesep=\dimen260
\@thisruleclass=\count323
\@lastruleclass=\count324
\@thisrulewidth=\dimen261
) (/data/zengyq/tinytex_manual/.TinyTeX/texmf-dist/tex/latex/caption/subcaption.sty
Package: subcaption 2023/07/28 v1.6b Sub-captions (AR)
Package caption Info: New subtype `subfigure' on input line 238.
\c@subfigure=\count325
Package caption Info: New subtype `subtable' on input line 238.
\c@subtable=\count326
) (/data/zengyq/tinytex_manual/.TinyTeX/texmf-dist/tex/latex/tools/xspace.sty
Package: xspace 2014/10/28 v1.13 Space after command names (DPC,MH)
) (/data/zengyq/tinytex_manual/.TinyTeX/texmf-dist/tex/latex/multirow/multirow.sty
Package: multirow 2024/11/12 v2.9 Span multiple rows of a table
\multirow@colwidth=\skip63
\multirow@cntb=\count327
\multirow@dima=\skip64
\bigstrutjot=\dimen262
) (/data/zengyq/tinytex_manual/.TinyTeX/texmf-dist/tex/latex/tools/array.sty
Package: array 2025/09/25 v2.6n Tabular extension package (FMi)
\col@sep=\dimen263
\ar@mcellbox=\box57
\extrarowheight=\dimen264
\NC@list=\toks31
\extratabsurround=\skip65
\backup@length=\skip66
\ar@cellbox=\box58
) (/data/zengyq/tinytex_manual/.TinyTeX/texmf-dist/tex/latex/placeins/placeins.sty
Package: placeins 2005/04/18  v 2.2
) (/data/zengyq/tinytex_manual/.TinyTeX/texmf-dist/tex/latex/l3backend/l3backend-pdftex.def
File: l3backend-pdftex.def 2026-02-18 L3 backend support: PDF output (pdfTeX)
\l__color_backend_stack_int=\count328
) (./main.aux)
\openout1 = `main.aux'.

LaTeX Font Info:    Checking defaults for OML/cmm/m/it on input line 33.
LaTeX Font Info:    ... okay on input line 33.
LaTeX Font Info:    Checking defaults for OMS/cmsy/m/n on input line 33.
LaTeX Font Info:    ... okay on input line 33.
LaTeX Font Info:    Checking defaults for OT1/cmr/m/n on input line 33.
LaTeX Font Info:    ... okay on input line 33.
LaTeX Font Info:    Checking defaults for T1/cmr/m/n on input line 33.
LaTeX Font Info:    ... okay on input line 33.
LaTeX Font Info:    Checking defaults for TS1/cmr/m/n on input line 33.
LaTeX Font Info:    ... okay on input line 33.
LaTeX Font Info:    Checking defaults for OMX/cmex/m/n on input line 33.
LaTeX Font Info:    ... okay on input line 33.
LaTeX Font Info:    Checking defaults for U/cmr/m/n on input line 33.
LaTeX Font Info:    ... okay on input line 33.
LaTeX Font Info:    Checking defaults for PD1/pdf/m/n on input line 33.
LaTeX Font Info:    ... okay on input line 33.
LaTeX Font Info:    Checking defaults for PU/pdf/m/n on input line 33.
LaTeX Font Info:    ... okay on input line 33.
 (/data/zengyq/tinytex_manual/.TinyTeX/texmf-dist/tex/latex/epstopdf-pkg/epstopdf-base.sty
Package: epstopdf-base 2020-01-24 v2.11 Base part for package epstopdf
Package epstopdf-base Info: Redefining graphics rule for `.eps' on input line 485.
 (/data/zengyq/tinytex_manual/.TinyTeX/texmf-dist/tex/latex/latexconfig/epstopdf-sys.cfg
File: epstopdf-sys.cfg 2010/07/13 v1.3 Configuration of (r)epstopdf for TeX Live
))
*geometry* driver: auto-detecting
*geometry* detected driver: pdftex
*geometry* verbose mode - [ preamble ] result:
* driver: pdftex
* paper: a4paper
* layout: <same size as paper>
* layoutoffset:(h,v)=(0.0pt,0.0pt)
* modes: heightrounded 
* h-part:(L,W,R)=(71.13188pt, 455.24411pt, 71.13188pt)
* v-part:(T,H,B)=(71.13188pt, 702.78308pt, 71.13188pt)
* \paperwidth=597.50787pt
* \paperheight=845.04684pt
* \textwidth=455.24411pt
* \textheight=704.60031pt
* \oddsidemargin=-1.1381pt
* \evensidemargin=-1.1381pt
* \topmargin=-38.1381pt
* \headheight=12.0pt
* \headsep=25.0pt
* \topskip=11.0pt
* \footskip=30.0pt
* \marginparwidth=59.0pt
* \marginparsep=10.0pt
* \columnsep=17.07182pt
* \skip\footins=9.0pt plus 4.0pt minus 2.0pt
* \hoffset=0.0pt
* \voffset=0.0pt
* \mag=1000
* \@twocolumntrue
* \@twosidefalse
* \@mparswitchfalse
* \@reversemarginfalse
* (1in=72.27pt=25.4mm, 1cm=28.453pt)

Package caption Info: Begin \AtBeginDocument code.
Package caption Info: hyperref package is loaded.
Package caption Info: End \AtBeginDocument code.
Package hyperref Info: Link coloring ON on input line 33.
(./main.out) (./main.out)
\@outlinefile=\write3
\openout3 = `main.out'.

LaTeX Info: Redefining \microtypecontext on input line 33.
Package microtype Info: Applying patch `item' on input line 33.
Package microtype Info: Applying patch `toc' on input line 33.
Package microtype Info: Applying patch `eqnum' on input line 33.
Package microtype Info: Applying patch `footnote' on input line 33.
Package microtype Info: Applying patch `verbatim' on input line 33.
LaTeX Info: Redefining \microtypesetup on input line 33.
Package microtype Info: Generating PDF output.
Package microtype Info: Character protrusion enabled (level 2).
Package microtype Info: Using default protrusion set `alltext'.
Package microtype Info: Automatic font expansion enabled (level 2),
(microtype)             stretch: 20, shrink: 20, step: 1, non-selected.
Package microtype Info: Using default expansion set `alltext-nott'.
Package microtype Info: Patching command `\showhyphens'.
Package microtype Info: No adjustment of tracking.
Package microtype Info: No adjustment of interword spacing.
Package microtype Info: No adjustment of character kerning.
 (/data/zengyq/tinytex_manual/.TinyTeX/texmf-dist/tex/latex/microtype/mt-ptm.cfg
File: mt-ptm.cfg 2006/04/20 v1.7 microtype config. file: Times (RS)
) (/data/zengyq/tinytex_manual/.TinyTeX/texmf-dist/tex/latex/upquote/upquote.sty
Package: upquote 2012/04/19 v1.3 upright-quote and grave-accent glyphs in verbatim
) (/data/zengyq/tinytex_manual/.TinyTeX/texmf-dist/tex/latex/microtype/mt-cmr.cfg
File: mt-cmr.cfg 2013/05/19 v2.2 microtype config. file: Computer Modern Roman (RS)
)
LaTeX Font Info:    Trying to load font information for U+lasy on input line 34.
 (/data/zengyq/tinytex_manual/.TinyTeX/texmf-dist/tex/latex/base/ulasy.fd
File: ulasy.fd 1998/08/17 v2.2e LaTeX symbol font definitions
)
LaTeX Font Info:    Trying to load font information for U+msa on input line 34.
 (/data/zengyq/tinytex_manual/.TinyTeX/texmf-dist/tex/latex/amsfonts/umsa.fd
File: umsa.fd 2013/01/14 v3.01 AMS symbols A
) (/data/zengyq/tinytex_manual/.TinyTeX/texmf-dist/tex/latex/microtype/mt-msa.cfg
File: mt-msa.cfg 2006/02/04 v1.1 microtype config. file: AMS symbols (a) (RS)
)
LaTeX Font Info:    Trying to load font information for U+msb on input line 34.
 (/data/zengyq/tinytex_manual/.TinyTeX/texmf-dist/tex/latex/amsfonts/umsb.fd
File: umsb.fd 2013/01/14 v3.01 AMS symbols B
) (/data/zengyq/tinytex_manual/.TinyTeX/texmf-dist/tex/latex/microtype/mt-msb.cfg
File: mt-msb.cfg 2005/06/01 v1.0 microtype config. file: AMS symbols (b) (RS)
) (./sections/abstract.tex)
Underfull \hbox (badness 1117) in paragraph at lines 1--38
\T1/ptm/m/n/10 (+20) Route-Weighted Sen-si-tiv-ity (\T1/ptm/m/sc/10 (+20) RWS\T1/ptm/m/n/10 (+20) ), which
 []

(./sections/intro.tex

Package natbib Warning: Citation `jiang2024mixtral' on page 1 undefined on input line 4.


Package natbib Warning: Citation `bai2023qwen' on page 1 undefined on input line 4.


Package natbib Warning: Citation `deepseekai2024deepseekv3' on page 1 undefined on input line 4.


Package natbib Warning: Citation `fedus2022switch' on page 1 undefined on input line 4.


Package natbib Warning: Citation `shazeer2017outrageously' on page 1 undefined on input line 4.


Package natbib Warning: Citation `lepikhin2021gshard' on page 1 undefined on input line 4.


Package natbib Warning: Citation `duanmu2025mxmoe' on page 1 undefined on input line 4.


Package natbib Warning: Citation `li2024quantmoebench' on page 1 undefined on input line 4.


Package natbib Warning: Citation `frantar2023qmoe' on page 1 undefined on input line 4.


Package natbib Warning: Citation `yao2021hawqv3' on page 1 undefined on input line 6.


Package natbib Warning: Citation `duanmu2025mxmoe' on page 1 undefined on input line 6.


LaTeX Warning: Reference `sec:method' on page 1 undefined on input line 20.

[1{/data/zengyq/tinytex_manual/.TinyTeX/texmf-var/fonts/map/pdftex/updmap/pdftex.map}{/data/zengyq/tinytex_manual/.TinyTeX/texmf-dist/fonts/enc/dvips/base/8r.enc}



]

LaTeX Warning: Reference `sec:rhi' on page 2 undefined on input line 21.


LaTeX Warning: Reference `sec:results' on page 2 undefined on input line 22.


LaTeX Warning: Reference `sec:results' on page 2 undefined on input line 23.

) (./sections/background.tex

Package natbib Warning: Citation `shazeer2017outrageously' on page 2 undefined on input line 6.


Package natbib Warning: Citation `fedus2022switch' on page 2 undefined on input line 11.


Package natbib Warning: Citation `zoph2022stmoe' on page 2 undefined on input line 11.


Package natbib Warning: Citation `frantar2023gptq' on page 2 undefined on input line 15.


Package natbib Warning: Citation `lin2024awq' on page 2 undefined on input line 15.


Package natbib Warning: Citation `xiao2023smoothquant' on page 2 undefined on input line 15.


Package natbib Warning: Citation `dettmers2022llmint8' on page 2 undefined on input line 15.


Underfull \hbox (badness 2376) in paragraph at lines 15--16
\T1/ptm/m/n/10.95 (+20) mem-ory foot-print by re-plac-ing full-precision
 []


Package natbib Warning: Citation `yao2021hawqv3' on page 2 undefined on input line 20.


Package natbib Warning: Citation `frantar2023gptq' on page 2 undefined on input line 29.


Package natbib Warning: Citation `duanmu2025mxmoe' on page 2 undefined on input line 32.


Package natbib Warning: Citation `li2024quantmoebench' on page 2 undefined on input line 32.


Package natbib Warning: Citation `duanmu2025mxmoe' on page 2 undefined on input line 32.


LaTeX Warning: Reference `eq:ilp' on page 2 undefined on input line 32.


LaTeX Warning: Reference `eq:ilp' on page 2 undefined on input line 36.

) (./sections/method.tex
<figures/fig_framework.png, id=21, 2071.74pt x 800.23969pt>
File: figures/fig_framework.png Graphic file (type png)
<use figures/fig_framework.png>
Package pdftex.def Info: figures/fig_framework.png  used on input line 7.
(pdftex.def)             Requested size: 432.48051pt x 167.04181pt.
 [2]

LaTeX Warning: Reference `eq:ilp' on page 3 undefined on input line 24.


Package natbib Warning: Citation `zhou2022expertchoice' on page 3 undefined on input line 33.

[3 <./figures/fig_framework.png>]

LaTeX Warning: Reference `sec:results' on page 4 undefined on input line 56.

) (./sections/experiments.tex
LaTeX Font Info:    Trying to load font information for TS1+ptm on input line 7.
 (/data/zengyq/tinytex_manual/.TinyTeX/texmf-dist/tex/latex/psnfss/ts1ptm.fd
File: ts1ptm.fd 2001/06/04 font definitions for TS1/ptm.
)

Package natbib Warning: Citation `bai2023qwen' on page 4 undefined on input line 7.


Package natbib Warning: Citation `jiang2024mixtral' on page 4 undefined on input line 8.


Package natbib Warning: Citation `deepseekai2024deepseekv3' on page 4 undefined on input line 9.


Package natbib Warning: Citation `nagel2020adaround' on page 4 undefined on input line 13.


Underfull \hbox (badness 10000) in paragraph at lines 13--14
 []\T1/ptm/b/n/10.95 (+20) Quantization.[] \T1/ptm/m/n/10.95 (+20) Weight-only quan-ti-za-tion
 []


Underfull \hbox (badness 10000) in paragraph at lines 13--14
\T1/ptm/m/n/10.95 (+20) with FP16 ac-ti-va-tions. Strat-egy pool:
 []


Underfull \hbox (badness 10000) in paragraph at lines 13--14
\T1/ptm/m/n/10.95 (+20) {W2A16/G128/asym (2.25 bits/param),
 []


Underfull \hbox (badness 10000) in paragraph at lines 13--14
\T1/ptm/m/n/10.95 (+20) W4A16/per-channel/asym (4.0 bits/param)}.
 []


Underfull \hbox (badness 1762) in paragraph at lines 13--14
\T1/ptm/m/n/10.95 (+20) At-ten-tion weights re-main FP16; only ex-pert
 []

LaTeX Font Info:    Trying to load font information for T1+zi4 on input line 17.
(/data/zengyq/tinytex_manual/.TinyTeX/texmf-dist/tex/latex/inconsolata/t1zi4.fd
File: t1zi4.fd 2018/01/14 T1/zi4 (Inconsolata)
)
LaTeX Font Info:    Font shape `T1/zi4/m/n' will be
(Font)              scaled to size 10.95pt on input line 17.
Package microtype Info: Loading generic protrusion settings for font family
(microtype)             `zi4' (encoding: T1).
(microtype)             For optimal results, create family-specific settings.
(microtype)             See the microtype manual for details.

Underfull \hbox (badness 3240) in paragraph at lines 17--18
 []\T1/ptm/b/n/10.95 (+20) Calibration & eval-u-a-tion.[] \T1/ptm/m/n/10.95 (+20) 128 WikiText-2
 []


Package natbib Warning: Citation `frantar2023gptq' on page 4 undefined on input line 22.


Package natbib Warning: Citation `duanmu2025mxmoe' on page 4 undefined on input line 23.

[4{/data/zengyq/tinytex_manual/.TinyTeX/texmf-dist/fonts/enc/dvips/inconsolata/i4-t1-0.enc}]) (./sections/results.tex

LaTeX Warning: Reference `tab:main' on page 5 undefined on input line 7.


LaTeX Warning: Reference `sec:hessian' on page 5 undefined on input line 7.

[5]

LaTeX Warning: Reference `tab:ppl_all' on page 6 undefined on input line 86.


Underfull \vbox (badness 10000) has occurred while \output is active []

 [6]

LaTeX Warning: Reference `sec:freq-only' on page 7 undefined on input line 89.


LaTeX Warning: Reference `tab:ppl_all' on page 7 undefined on input line 92.


Underfull \hbox (badness 1337) in paragraph at lines 95--96
 []\T1/ptm/b/n/10.95 (+20) Mixed-precision re-cov-ers func-tional mod-els
 []


Underfull \hbox (badness 1178) in paragraph at lines 95--96
\T1/ptm/b/n/10.95 (+20) where uni-form quan-ti-za-tion fails.[] \T1/ptm/m/n/10.95 (+20) Uni-form
 []


LaTeX Warning: Reference `fig:rhi' on page 7 undefined on input line 121.

<figures/fig_rhi.pdf, id=92, 319.49686pt x 194.39563pt>
File: figures/fig_rhi.pdf Graphic file (type pdf)
<use figures/fig_rhi.pdf>
Package pdftex.def Info: figures/fig_rhi.pdf  used on input line 125.
(pdftex.def)             Requested size: 218.51521pt x 132.9585pt.

LaTeX Warning: Reference `fig:ppl_improve' on page 7 undefined on input line 132.

<figures/fig_ppl_improvement.pdf, id=93, 361.35pt x 231.26399pt>
File: figures/fig_ppl_improvement.pdf Graphic file (type pdf)
<use figures/fig_ppl_improvement.pdf>
Package pdftex.def Info: figures/fig_ppl_improvement.pdf  used on input line 136.
(pdftex.def)             Requested size: 218.51521pt x 139.84985pt.

LaTeX Warning: Reference `fig:alloc' on page 7 undefined on input line 143.

[7 <./figures/fig_rhi.pdf>]
Underfull \hbox (badness 10000) in paragraph at lines 148--149
 []\T1/ptm/b/n/10.95 (+20) Why small rout-ing dif-fer-ences mat-ter.[]
 []


Underfull \hbox (badness 2512) in paragraph at lines 148--149
\T1/ptm/m/n/10.95 (+20) have fre-quency $\OT1/cmr/m/n/10.95 1\OML/cmm/m/it/10.95 :\OT1/cmr/m/n/10.95 4\OML/cmm/m/it/10.95 ^^[$ \T1/ptm/m/n/10.95 (+20) above the layer mean,
 []

<figures/fig_allocation.pdf, id=174, 542.025pt x 252.945pt>
File: figures/fig_allocation.pdf Graphic file (type pdf)
<use figures/fig_allocation.pdf>
Package pdftex.def Info: figures/fig_allocation.pdf  used on input line 152.
(pdftex.def)             Requested size: 218.51521pt x 101.97514pt.

LaTeX Warning: Reference `fig:freq_only' on page 8 undefined on input line 160.


LaTeX Warning: Reference `tab:freq_only' on page 8 undefined on input line 160.

<figures/fig_freq_only.pdf, id=175, 488.79675pt x 193.9521pt>
File: figures/fig_freq_only.pdf Graphic file (type pdf)
<use figures/fig_freq_only.pdf>
Package pdftex.def Info: figures/fig_freq_only.pdf  used on input line 164.
(pdftex.def)             Requested size: 218.51521pt x 86.70645pt.

LaTeX Warning: Reference `tab:main' on page 8 undefined on input line 222.


Underfull \hbox (badness 10000) in paragraph at lines 222--223
 []\T1/ptm/b/n/10.95 (+20) Frequency-only is con-sis-tently worse.[]
 []

[8 <./figures/fig_ppl_improvement.pdf> <./figures/fig_allocation.pdf> <./figures/fig_freq_only.pdf>]

LaTeX Warning: Reference `tab:seed' on page 9 undefined on input line 239.


LaTeX Warning: Reference `app:per-task' on page 9 undefined on input line 264.

[9]
Overfull \hbox (1.57147pt too wide) in paragraph at lines 269--270
\T1/ptm/m/n/10.95 (-20) nat-u-ral ques-tion is whether a \T1/ptm/m/it/10.95 (-20) reference-free \T1/ptm/m/n/10.95 (-20) metric---
 []


LaTeX Warning: Reference `tab:main' on page 10 undefined on input line 274.


Underfull \hbox (badness 2237) in paragraph at lines 277--278
 []\T1/ptm/b/n/10.95 (+20) Hessian un-der-per-forms re-con-struc-tion loss.[]
 []


Underfull \hbox (badness 10000) in paragraph at lines 277--278
\T1/ptm/m/n/10.95 (+20) Hessian-based al-lo-ca-tion con-sis-tently trails
 []


Underfull \hbox (badness 1902) in paragraph at lines 277--278
\T1/ptm/m/n/10.95 (+20) at 2.5bits, Hess-Only yields PPL=10.97 vs.
 []


Underfull \hbox (badness 1057) in paragraph at lines 277--278
\T1/ptm/m/n/10.95 (+20) is smaller but still sig-nif-i-cant (8.64 vs. 8.01,
 []


LaTeX Warning: Reference `app:routeqep' on page 10 undefined on input line 287.

) (./sections/related.tex

Package natbib Warning: Citation `shazeer2017outrageously' on page 10 undefined on input line 5.


Package natbib Warning: Citation `lepikhin2021gshard' on page 10 undefined on input line 5.


Package natbib Warning: Citation `fedus2022switch' on page 10 undefined on input line 5.


Package natbib Warning: Citation `jiang2024mixtral' on page 10 undefined on input line 5.


Package natbib Warning: Citation `bai2023qwen' on page 10 undefined on input line 5.


Package natbib Warning: Citation `deepseekai2024deepseekv2' on page 10 undefined on input line 5.


Package natbib Warning: Citation `deepseekai2024deepseekv3' on page 10 undefined on input line 5.


Package natbib Warning: Citation `zoph2022stmoe' on page 10 undefined on input line 5.


Package natbib Warning: Citation `zhou2022expertchoice' on page 10 undefined on input line 5.


Package natbib Warning: Citation `frantar2023gptq' on page 10 undefined on input line 8.


Package natbib Warning: Citation `lin2024awq' on page 10 undefined on input line 8.


Package natbib Warning: Citation `xiao2023smoothquant' on page 10 undefined on input line 8.


Package natbib Warning: Citation `dettmers2022llmint8' on page 10 undefined on input line 8.


Package natbib Warning: Citation `dettmers2024spqr' on page 10 undefined on input line 8.


Package natbib Warning: Citation `dettmers2023qlora' on page 10 undefined on input line 8.


Package natbib Warning: Citation `chee2024quip' on page 10 undefined on input line 8.


Package natbib Warning: Citation `tseng2024quipsharp' on page 10 undefined on input line 8.


Package natbib Warning: Citation `egiazarian2024aqlm' on page 10 undefined on input line 8.


Package natbib Warning: Citation `shao2024omniquant' on page 10 undefined on input line 8.

[10]

Package natbib Warning: Citation `dong2019hawq' on page 11 undefined on input line 11.


Package natbib Warning: Citation `yao2021hawqv3' on page 11 undefined on input line 11.


Package natbib Warning: Citation `duanmu2025mxmoe' on page 11 undefined on input line 11.


Package natbib Warning: Citation `li2024quantmoebench' on page 11 undefined on input line 11.


Package natbib Warning: Citation `frantar2023qmoe' on page 11 undefined on input line 14.


Package natbib Warning: Citation `chen2025eacmoe' on page 11 undefined on input line 14.


Package natbib Warning: Citation `yang2024moei2' on page 11 undefined on input line 14.


Package natbib Warning: Citation `komatsuzaki2023sparseupcycling' on page 11 undefined on input line 14.


Package natbib Warning: Citation `fedus2022switch' on page 11 undefined on input line 17.


Package natbib Warning: Citation `zhou2022expertchoice' on page 11 undefined on input line 17.

) (./sections/conclusion.tex

LaTeX Warning: Reference `tab:seed' on page 11 undefined on input line 8.

)
No file main.bbl.
(./sections/appendix_allocation.tex

LaTeX Warning: `h' float specifier changed to `ht'.

) (./sections/appendix_downstream.tex

LaTeX Warning: Reference `fig:alloc' on page 11 undefined on input line 4.

) (./sections/appendix_routeqep.tex [11])

Package natbib Warning: There were undefined citations.

[12

] (./main.aux)
 ***********
LaTeX2e <2025-11-01>
L3 programming layer <2026-03-20>
 ***********


LaTeX Warning: There were undefined references.


LaTeX Warning: Label(s) may have changed. Rerun to get cross-references right.


Package rerunfilecheck Warning: File `main.out' has changed.
(rerunfilecheck)                Rerun to get outlines right
(rerunfilecheck)                or use package `bookmark'.

Package rerunfilecheck Info: Checksums for `main.out':
(rerunfilecheck)             Before: D41D8CD98F00B204E9800998ECF8427E;0
(rerunfilecheck)             After:  EF59AD14EBCF928E80CE9EF7146C5064;3974.
 ) 
Here is how much of TeX's memory you used:
 16553 strings out of 469339
 267601 string characters out of 5466427
 752847 words of memory out of 5000000
 44582 multiletter control sequences out of 15000+600000
 710398 words of font info for 390 fonts, out of 8000000 for 9000
 14 hyphenation exceptions out of 8191
 90i,12n,93p,1530b,605s stack positions out of 10000i,1000n,20000p,200000b,200000s
</data/zengyq/tinytex_manual/.TinyTeX/texmf-dist/fonts/type1/public/inconsolata/Inconsolata-zi4r.pfb></data/zengyq/tinytex_manual/.TinyTeX/texmf-dist/fonts/type1/public/amsfonts/cm/cmbx10.pfb></data/zengyq/tinytex_manual/.TinyTeX/texmf-dist/fonts/type1/public/amsfonts/cm/cmex10.pfb></data/zengyq/tinytex_manual/.TinyTeX/texmf-dist/fonts/type1/public/amsfonts/cm/cmmi10.pfb></data/zengyq/tinytex_manual/.TinyTeX/texmf-dist/fonts/type1/public/amsfonts/cm/cmmi6.pfb></data/zengyq/tinytex_manual/.TinyTeX/texmf-dist/fonts/type1/public/amsfonts/cm/cmmi7.pfb></data/zengyq/tinytex_manual/.TinyTeX/texmf-dist/fonts/type1/public/amsfonts/cm/cmmi8.pfb></data/zengyq/tinytex_manual/.TinyTeX/texmf-dist/fonts/type1/public/amsfonts/cm/cmmi9.pfb></data/zengyq/tinytex_manual/.TinyTeX/texmf-dist/fonts/type1/public/amsfonts/cm/cmr10.pfb></data/zengyq/tinytex_manual/.TinyTeX/texmf-dist/fonts/type1/public/amsfonts/cm/cmr8.pfb></data/zengyq/tinytex_manual/.TinyTeX/texmf-dist/fonts/type1/public/amsfonts/cm/cmr9.pfb></data/zengyq/tinytex_manual/.TinyTeX/texmf-dist/fonts/type1/public/amsfonts/cm/cmsy10.pfb></data/zengyq/tinytex_manual/.TinyTeX/texmf-dist/fonts/type1/public/amsfonts/cm/cmsy6.pfb></data/zengyq/tinytex_manual/.TinyTeX/texmf-dist/fonts/type1/public/amsfonts/cm/cmsy8.pfb></data/zengyq/tinytex_manual/.TinyTeX/texmf-dist/fonts/type1/public/amsfonts/cm/cmsy9.pfb></data/zengyq/tinytex_manual/.TinyTeX/texmf-dist/fonts/type1/public/amsfonts/symbols/msbm10.pfb></data/zengyq/tinytex_manual/.TinyTeX/texmf-dist/fonts/type1/urw/times/utmb8a.pfb></data/zengyq/tinytex_manual/.TinyTeX/texmf-dist/fonts/type1/urw/times/utmr8a.pfb></data/zengyq/tinytex_manual/.TinyTeX/texmf-dist/fonts/type1/urw/times/utmri8a.pfb>
Output written on main.pdf (12 pages, 2653803 bytes).
PDF statistics:
 538 PDF objects out of 1000 (max. 8388607)
 247 compressed objects within 3 object streams
 97 named destinations out of 1000 (max. 500000)
 71706 words of extra memory for PDF output out of 74296 (max. 10000000)

